#-----------------------------------------------------------
# Webtalk v2019.1 (64-bit)
# SW Build 2552052 on Fri May 24 14:49:42 MDT 2019
# IP Build 2548770 on Fri May 24 18:01:18 MDT 2019
# Start of session at: Mon May 31 18:10:28 2021
# Process ID: 9532
# Current directory: D:/projects/projects/Verilog/VLSI4_fft32/FFT_16MAC_1REG/FFT_16MAC_1REG.sim/sim_1/synth/func/xsim
# Command line: wbtcv.exe -mode batch -source D:/projects/projects/Verilog/VLSI4_fft32/FFT_16MAC_1REG/FFT_16MAC_1REG.sim/sim_1/synth/func/xsim/xsim.dir/Test_FFT_func_synth/webtalk/xsim_webtalk.tcl -notrace
# Log file: D:/projects/projects/Verilog/VLSI4_fft32/FFT_16MAC_1REG/FFT_16MAC_1REG.sim/sim_1/synth/func/xsim/webtalk.log
# Journal file: D:/projects/projects/Verilog/VLSI4_fft32/FFT_16MAC_1REG/FFT_16MAC_1REG.sim/sim_1/synth/func/xsim\webtalk.jou
#-----------------------------------------------------------
source D:/projects/projects/Verilog/VLSI4_fft32/FFT_16MAC_1REG/FFT_16MAC_1REG.sim/sim_1/synth/func/xsim/xsim.dir/Test_FFT_func_synth/webtalk/xsim_webtalk.tcl -notrace
